{"materialized":"abc123def456","out":"/tmp/output"}
